1737501112.559898 client started (27251): version 3.2a, socket /tmp/tmux-1000/default, protocol 8
1737501112.559927 on Linux 6.1.119-129.201.amzn2023.x86_64 #1 SMP PREEMPT_DYNAMIC Tue Dec  3 21:07:35 UTC 2024
1737501112.559932 using libevent 2.1.12-stable (poll); ncurses 6.2
1737501112.559955 flags are 0x18010000
1737501112.559958 socket is /tmp/tmux-1000/default
1737501112.559978 trying connect
1737501112.559996 connect failed: No such file or directory
1737501112.560003 lock file is /tmp/tmux-1000/default.lock
1737501112.560022 flock succeeded
1737501112.560025 got lock (6)
1737501112.560035 trying connect
1737501112.560042 connect failed: No such file or directory
1737501112.560259 add peer 0x5570efb96720: 7 ((nil))
1737501112.560840 sending message 100 to peer 0x5570efb96720 (4 bytes)
1737501112.560850 sending message 111 to peer 0x5570efb96720 (8 bytes)
1737501112.560854 sending message 101 to peer 0x5570efb96720 (15 bytes)
1737501112.560858 sending message 109 to peer 0x5570efb96720 (4 bytes)
1737501112.560862 sending message 102 to peer 0x5570efb96720 (11 bytes)
1737501112.560865 sending message 108 to peer 0x5570efb96720 (24 bytes)
1737501112.560869 sending message 112 to peer 0x5570efb96720 (58 bytes)
1737501112.560873 sending message 112 to peer 0x5570efb96720 (5 bytes)
1737501112.560877 sending message 112 to peer 0x5570efb96720 (5 bytes)
1737501112.560881 sending message 112 to peer 0x5570efb96720 (6 bytes)
1737501112.560885 sending message 112 to peer 0x5570efb96720 (6 bytes)
1737501112.560888 sending message 112 to peer 0x5570efb96720 (11 bytes)
1737501112.560892 sending message 112 to peer 0x5570efb96720 (10 bytes)
1737501112.560895 sending message 112 to peer 0x5570efb96720 (13 bytes)
1737501112.560899 sending message 112 to peer 0x5570efb96720 (14 bytes)
1737501112.560903 sending message 112 to peer 0x5570efb96720 (19 bytes)
1737501112.560907 sending message 112 to peer 0x5570efb96720 (11 bytes)
1737501112.560911 sending message 112 to peer 0x5570efb96720 (10 bytes)
1737501112.560914 sending message 112 to peer 0x5570efb96720 (15 bytes)
1737501112.560918 sending message 112 to peer 0x5570efb96720 (21 bytes)
1737501112.560922 sending message 112 to peer 0x5570efb96720 (13 bytes)
1737501112.560926 sending message 112 to peer 0x5570efb96720 (7 bytes)
1737501112.560929 sending message 112 to peer 0x5570efb96720 (13 bytes)
1737501112.560933 sending message 112 to peer 0x5570efb96720 (7 bytes)
1737501112.560937 sending message 112 to peer 0x5570efb96720 (13 bytes)
1737501112.560940 sending message 112 to peer 0x5570efb96720 (9 bytes)
1737501112.560944 sending message 112 to peer 0x5570efb96720 (21 bytes)
1737501112.560948 sending message 112 to peer 0x5570efb96720 (13 bytes)
1737501112.560952 sending message 112 to peer 0x5570efb96720 (9 bytes)
1737501112.560956 sending message 112 to peer 0x5570efb96720 (16 bytes)
1737501112.560960 sending message 112 to peer 0x5570efb96720 (13 bytes)
1737501112.560963 sending message 112 to peer 0x5570efb96720 (9 bytes)
1737501112.560967 sending message 112 to peer 0x5570efb96720 (9 bytes)
1737501112.560971 sending message 112 to peer 0x5570efb96720 (12 bytes)
1737501112.560975 sending message 112 to peer 0x5570efb96720 (8 bytes)
1737501112.560978 sending message 112 to peer 0x5570efb96720 (8 bytes)
1737501112.560982 sending message 112 to peer 0x5570efb96720 (13 bytes)
1737501112.560985 sending message 112 to peer 0x5570efb96720 (7 bytes)
1737501112.560989 sending message 112 to peer 0x5570efb96720 (7 bytes)
1737501112.560992 sending message 112 to peer 0x5570efb96720 (9 bytes)
1737501112.560996 sending message 112 to peer 0x5570efb96720 (9 bytes)
1737501112.560999 sending message 112 to peer 0x5570efb96720 (15 bytes)
1737501112.561003 sending message 112 to peer 0x5570efb96720 (13 bytes)
1737501112.561007 sending message 112 to peer 0x5570efb96720 (12 bytes)
1737501112.561010 sending message 112 to peer 0x5570efb96720 (8 bytes)
1737501112.561014 sending message 112 to peer 0x5570efb96720 (14 bytes)
1737501112.561018 sending message 112 to peer 0x5570efb96720 (11 bytes)
1737501112.561021 sending message 112 to peer 0x5570efb96720 (9 bytes)
1737501112.561031 sending message 112 to peer 0x5570efb96720 (10 bytes)
1737501112.561035 sending message 112 to peer 0x5570efb96720 (10 bytes)
1737501112.561038 sending message 112 to peer 0x5570efb96720 (10 bytes)
1737501112.561042 sending message 112 to peer 0x5570efb96720 (10 bytes)
1737501112.561045 sending message 112 to peer 0x5570efb96720 (11 bytes)
1737501112.561048 sending message 112 to peer 0x5570efb96720 (12 bytes)
1737501112.561052 sending message 112 to peer 0x5570efb96720 (12 bytes)
1737501112.561055 sending message 112 to peer 0x5570efb96720 (12 bytes)
1737501112.561058 sending message 112 to peer 0x5570efb96720 (12 bytes)
1737501112.561062 sending message 112 to peer 0x5570efb96720 (12 bytes)
1737501112.561066 sending message 112 to peer 0x5570efb96720 (11 bytes)
1737501112.561070 sending message 112 to peer 0x5570efb96720 (11 bytes)
1737501112.561074 sending message 112 to peer 0x5570efb96720 (12 bytes)
1737501112.561077 sending message 112 to peer 0x5570efb96720 (12 bytes)
1737501112.561081 sending message 112 to peer 0x5570efb96720 (12 bytes)
1737501112.561084 sending message 112 to peer 0x5570efb96720 (12 bytes)
1737501112.561088 sending message 112 to peer 0x5570efb96720 (12 bytes)
1737501112.561091 sending message 112 to peer 0x5570efb96720 (9 bytes)
1737501112.561096 sending message 112 to peer 0x5570efb96720 (12 bytes)
1737501112.561100 sending message 112 to peer 0x5570efb96720 (13 bytes)
1737501112.561104 sending message 112 to peer 0x5570efb96720 (13 bytes)
1737501112.561108 sending message 112 to peer 0x5570efb96720 (13 bytes)
1737501112.561112 sending message 112 to peer 0x5570efb96720 (13 bytes)
1737501112.561115 sending message 112 to peer 0x5570efb96720 (13 bytes)
1737501112.561120 sending message 112 to peer 0x5570efb96720 (8 bytes)
1737501112.561123 sending message 112 to peer 0x5570efb96720 (11 bytes)
1737501112.561127 sending message 112 to peer 0x5570efb96720 (11 bytes)
1737501112.561130 sending message 112 to peer 0x5570efb96720 (11 bytes)
1737501112.561134 sending message 112 to peer 0x5570efb96720 (12 bytes)
1737501112.561138 sending message 112 to peer 0x5570efb96720 (12 bytes)
1737501112.561141 sending message 112 to peer 0x5570efb96720 (12 bytes)
1737501112.561145 sending message 112 to peer 0x5570efb96720 (12 bytes)
1737501112.561148 sending message 112 to peer 0x5570efb96720 (13 bytes)
1737501112.561152 sending message 112 to peer 0x5570efb96720 (13 bytes)
1737501112.561155 sending message 112 to peer 0x5570efb96720 (13 bytes)
1737501112.561159 sending message 112 to peer 0x5570efb96720 (8 bytes)
1737501112.561163 sending message 112 to peer 0x5570efb96720 (13 bytes)
1737501112.561166 sending message 112 to peer 0x5570efb96720 (13 bytes)
1737501112.561170 sending message 112 to peer 0x5570efb96720 (13 bytes)
1737501112.561174 sending message 112 to peer 0x5570efb96720 (13 bytes)
1737501112.561178 sending message 112 to peer 0x5570efb96720 (13 bytes)
1737501112.561181 sending message 112 to peer 0x5570efb96720 (12 bytes)
1737501112.561185 sending message 112 to peer 0x5570efb96720 (12 bytes)
1737501112.561189 sending message 112 to peer 0x5570efb96720 (12 bytes)
1737501112.561192 sending message 112 to peer 0x5570efb96720 (12 bytes)
1737501112.561196 sending message 112 to peer 0x5570efb96720 (13 bytes)
1737501112.561200 sending message 112 to peer 0x5570efb96720 (8 bytes)
1737501112.561204 sending message 112 to peer 0x5570efb96720 (13 bytes)
1737501112.561207 sending message 112 to peer 0x5570efb96720 (13 bytes)
1737501112.561211 sending message 112 to peer 0x5570efb96720 (13 bytes)
1737501112.561215 sending message 112 to peer 0x5570efb96720 (13 bytes)
1737501112.561219 sending message 112 to peer 0x5570efb96720 (13 bytes)
1737501112.561222 sending message 112 to peer 0x5570efb96720 (13 bytes)
1737501112.561226 sending message 112 to peer 0x5570efb96720 (13 bytes)
1737501112.561230 sending message 112 to peer 0x5570efb96720 (12 bytes)
1737501112.561233 sending message 112 to peer 0x5570efb96720 (12 bytes)
1737501112.561237 sending message 112 to peer 0x5570efb96720 (12 bytes)
1737501112.561244 sending message 112 to peer 0x5570efb96720 (8 bytes)
1737501112.561248 sending message 112 to peer 0x5570efb96720 (12 bytes)
1737501112.561252 sending message 112 to peer 0x5570efb96720 (13 bytes)
1737501112.561255 sending message 112 to peer 0x5570efb96720 (13 bytes)
1737501112.561259 sending message 112 to peer 0x5570efb96720 (13 bytes)
1737501112.561263 sending message 112 to peer 0x5570efb96720 (13 bytes)
1737501112.561266 sending message 112 to peer 0x5570efb96720 (13 bytes)
1737501112.561269 sending message 112 to peer 0x5570efb96720 (13 bytes)
1737501112.561273 sending message 112 to peer 0x5570efb96720 (13 bytes)
1737501112.561277 sending message 112 to peer 0x5570efb96720 (13 bytes)
1737501112.561280 sending message 112 to peer 0x5570efb96720 (12 bytes)
1737501112.561284 sending message 112 to peer 0x5570efb96720 (10 bytes)
1737501112.561288 sending message 112 to peer 0x5570efb96720 (12 bytes)
1737501112.561291 sending message 112 to peer 0x5570efb96720 (12 bytes)
1737501112.561295 sending message 112 to peer 0x5570efb96720 (12 bytes)
1737501112.561299 sending message 112 to peer 0x5570efb96720 (13 bytes)
1737501112.561302 sending message 112 to peer 0x5570efb96720 (13 bytes)
1737501112.561306 sending message 112 to peer 0x5570efb96720 (13 bytes)
1737501112.561310 sending message 112 to peer 0x5570efb96720 (13 bytes)
1737501112.561314 sending message 112 to peer 0x5570efb96720 (13 bytes)
1737501112.561317 sending message 112 to peer 0x5570efb96720 (13 bytes)
1737501112.561321 sending message 112 to peer 0x5570efb96720 (13 bytes)
1737501112.561324 sending message 112 to peer 0x5570efb96720 (10 bytes)
1737501112.561328 sending message 112 to peer 0x5570efb96720 (13 bytes)
1737501112.561331 sending message 112 to peer 0x5570efb96720 (12 bytes)
1737501112.561335 sending message 112 to peer 0x5570efb96720 (12 bytes)
1737501112.561339 sending message 112 to peer 0x5570efb96720 (12 bytes)
1737501112.561342 sending message 112 to peer 0x5570efb96720 (10 bytes)
1737501112.561346 sending message 112 to peer 0x5570efb96720 (10 bytes)
1737501112.561350 sending message 112 to peer 0x5570efb96720 (10 bytes)
1737501112.561353 sending message 112 to peer 0x5570efb96720 (12 bytes)
1737501112.561356 sending message 112 to peer 0x5570efb96720 (13 bytes)
1737501112.561360 sending message 112 to peer 0x5570efb96720 (13 bytes)
1737501112.561364 sending message 112 to peer 0x5570efb96720 (13 bytes)
1737501112.561367 sending message 112 to peer 0x5570efb96720 (13 bytes)
1737501112.561371 sending message 112 to peer 0x5570efb96720 (13 bytes)
1737501112.561375 sending message 112 to peer 0x5570efb96720 (10 bytes)
1737501112.561379 sending message 112 to peer 0x5570efb96720 (11 bytes)
1737501112.561382 sending message 112 to peer 0x5570efb96720 (12 bytes)
1737501112.561386 sending message 112 to peer 0x5570efb96720 (12 bytes)
1737501112.561389 sending message 112 to peer 0x5570efb96720 (12 bytes)
1737501112.561393 sending message 112 to peer 0x5570efb96720 (12 bytes)
1737501112.561397 sending message 112 to peer 0x5570efb96720 (12 bytes)
1737501112.561400 sending message 112 to peer 0x5570efb96720 (11 bytes)
1737501112.561403 sending message 112 to peer 0x5570efb96720 (12 bytes)
1737501112.561407 sending message 112 to peer 0x5570efb96720 (12 bytes)
1737501112.561410 sending message 112 to peer 0x5570efb96720 (13 bytes)
1737501112.561413 sending message 112 to peer 0x5570efb96720 (13 bytes)
1737501112.561417 sending message 112 to peer 0x5570efb96720 (13 bytes)
1737501112.561421 sending message 112 to peer 0x5570efb96720 (13 bytes)
1737501112.561425 sending message 112 to peer 0x5570efb96720 (13 bytes)
1737501112.561428 sending message 112 to peer 0x5570efb96720 (10 bytes)
1737501112.561432 sending message 112 to peer 0x5570efb96720 (9 bytes)
1737501112.561435 sending message 112 to peer 0x5570efb96720 (12 bytes)
1737501112.561439 sending message 112 to peer 0x5570efb96720 (13 bytes)
1737501112.561444 sending message 112 to peer 0x5570efb96720 (13 bytes)
1737501112.561451 sending message 112 to peer 0x5570efb96720 (13 bytes)
1737501112.561455 sending message 112 to peer 0x5570efb96720 (13 bytes)
1737501112.561458 sending message 112 to peer 0x5570efb96720 (13 bytes)
1737501112.561462 sending message 112 to peer 0x5570efb96720 (9 bytes)
1737501112.561466 sending message 112 to peer 0x5570efb96720 (12 bytes)
1737501112.561469 sending message 112 to peer 0x5570efb96720 (13 bytes)
1737501112.561473 sending message 112 to peer 0x5570efb96720 (13 bytes)
1737501112.561477 sending message 112 to peer 0x5570efb96720 (13 bytes)
1737501112.561481 sending message 112 to peer 0x5570efb96720 (13 bytes)
1737501112.561484 sending message 112 to peer 0x5570efb96720 (13 bytes)
1737501112.561488 sending message 112 to peer 0x5570efb96720 (11 bytes)
1737501112.561491 sending message 112 to peer 0x5570efb96720 (12 bytes)
1737501112.561495 sending message 112 to peer 0x5570efb96720 (13 bytes)
1737501112.561498 sending message 112 to peer 0x5570efb96720 (13 bytes)
1737501112.561502 sending message 112 to peer 0x5570efb96720 (13 bytes)
1737501112.561505 sending message 112 to peer 0x5570efb96720 (13 bytes)
1737501112.561509 sending message 112 to peer 0x5570efb96720 (13 bytes)
1737501112.561512 sending message 112 to peer 0x5570efb96720 (11 bytes)
1737501112.561516 sending message 112 to peer 0x5570efb96720 (12 bytes)
1737501112.561520 sending message 112 to peer 0x5570efb96720 (12 bytes)
1737501112.561523 sending message 112 to peer 0x5570efb96720 (12 bytes)
1737501112.561532 sending message 112 to peer 0x5570efb96720 (12 bytes)
1737501112.561536 sending message 112 to peer 0x5570efb96720 (12 bytes)
1737501112.561540 sending message 112 to peer 0x5570efb96720 (21 bytes)
1737501112.561543 sending message 112 to peer 0x5570efb96720 (12 bytes)
1737501112.561547 sending message 112 to peer 0x5570efb96720 (9 bytes)
1737501112.561550 sending message 112 to peer 0x5570efb96720 (6 bytes)
1737501112.561554 sending message 112 to peer 0x5570efb96720 (13 bytes)
1737501112.561557 sending message 112 to peer 0x5570efb96720 (10 bytes)
1737501112.561560 sending message 112 to peer 0x5570efb96720 (24 bytes)
1737501112.561564 sending message 112 to peer 0x5570efb96720 (13 bytes)
1737501112.561568 sending message 112 to peer 0x5570efb96720 (9 bytes)
1737501112.561572 sending message 112 to peer 0x5570efb96720 (70 bytes)
1737501112.561575 sending message 112 to peer 0x5570efb96720 (69 bytes)
1737501112.561579 sending message 112 to peer 0x5570efb96720 (12 bytes)
1737501112.561583 sending message 112 to peer 0x5570efb96720 (10 bytes)
1737501112.561587 sending message 112 to peer 0x5570efb96720 (10 bytes)
1737501112.561593 sending message 112 to peer 0x5570efb96720 (24 bytes)
1737501112.561596 sending message 112 to peer 0x5570efb96720 (13 bytes)
1737501112.561600 sending message 112 to peer 0x5570efb96720 (10 bytes)
1737501112.561603 sending message 112 to peer 0x5570efb96720 (10 bytes)
1737501112.561607 sending message 112 to peer 0x5570efb96720 (10 bytes)
1737501112.561611 sending message 112 to peer 0x5570efb96720 (13 bytes)
1737501112.561614 sending message 112 to peer 0x5570efb96720 (15 bytes)
1737501112.561618 sending message 112 to peer 0x5570efb96720 (5 bytes)
1737501112.561623 sending message 104 to peer 0x5570efb96720 (0 bytes)
1737501112.561627 sending message 110 to peer 0x5570efb96720 (0 bytes)
1737501112.561632 sending message 107 to peer 0x5570efb96720 (4 bytes)
1737501112.561636 sending message 105 to peer 0x5570efb96720 (16 bytes)
1737501112.561640 sending message 105 to peer 0x5570efb96720 (23 bytes)
1737501112.561644 sending message 105 to peer 0x5570efb96720 (21 bytes)
1737501112.561648 sending message 105 to peer 0x5570efb96720 (14 bytes)
1737501112.561652 sending message 105 to peer 0x5570efb96720 (53 bytes)
1737501112.561658 sending message 105 to peer 0x5570efb96720 (28 bytes)
1737501112.561662 sending message 105 to peer 0x5570efb96720 (17 bytes)
1737501112.561666 sending message 105 to peer 0x5570efb96720 (21 bytes)
1737501112.561670 sending message 105 to peer 0x5570efb96720 (15 bytes)
1737501112.561681 sending message 105 to peer 0x5570efb96720 (20 bytes)
1737501112.561685 sending message 105 to peer 0x5570efb96720 (13 bytes)
1737501112.561689 sending message 105 to peer 0x5570efb96720 (1525 bytes)
1737501112.561713 sending message 105 to peer 0x5570efb96720 (52 bytes)
1737501112.561716 sending message 105 to peer 0x5570efb96720 (23 bytes)
1737501112.561719 sending message 105 to peer 0x5570efb96720 (24 bytes)
1737501112.561723 sending message 105 to peer 0x5570efb96720 (20 bytes)
1737501112.561726 sending message 105 to peer 0x5570efb96720 (35 bytes)
1737501112.561730 sending message 105 to peer 0x5570efb96720 (14 bytes)
1737501112.561733 sending message 105 to peer 0x5570efb96720 (27 bytes)
1737501112.561736 sending message 105 to peer 0x5570efb96720 (8 bytes)
1737501112.561740 sending message 105 to peer 0x5570efb96720 (17 bytes)
1737501112.561744 sending message 105 to peer 0x5570efb96720 (31 bytes)
1737501112.561747 sending message 105 to peer 0x5570efb96720 (14 bytes)
1737501112.561751 sending message 105 to peer 0x5570efb96720 (35 bytes)
1737501112.561754 sending message 105 to peer 0x5570efb96720 (25 bytes)
1737501112.561758 sending message 105 to peer 0x5570efb96720 (100 bytes)
1737501112.561762 sending message 105 to peer 0x5570efb96720 (25 bytes)
1737501112.561766 sending message 105 to peer 0x5570efb96720 (54 bytes)
1737501112.561769 sending message 105 to peer 0x5570efb96720 (30 bytes)
1737501112.561773 sending message 105 to peer 0x5570efb96720 (19 bytes)
1737501112.561777 sending message 105 to peer 0x5570efb96720 (147 bytes)
1737501112.561780 sending message 105 to peer 0x5570efb96720 (16 bytes)
1737501112.561784 sending message 105 to peer 0x5570efb96720 (22 bytes)
1737501112.561787 sending message 106 to peer 0x5570efb96720 (0 bytes)
1737501112.561795 sending message 200 to peer 0x5570efb96720 (4 bytes)
1737501112.561799 client loop enter
1737501112.562060 client_signal: Child exited
1737501112.615479 peer 0x5570efb96720 message 207
1737501112.615493 sending message 208 to peer 0x5570efb96720 (0 bytes)
1737501124.542403 peer 0x5570efb96720 message 203
1737501124.542418 sending message 205 to peer 0x5570efb96720 (0 bytes)
1737501124.542689 peer 0x5570efb96720 message 204
1737501124.542695 client loop exit
